2026-07-31 23:23:27.677 | INFO     | src.presentation.api.app:lifespan_context:27 - DB, AI Models and Graph are starting.....
2026-07-31 23:23:28.919 | ERROR    | src.presentation.api.app:lifespan_context:79 - failed to start application: Repo id must be in the form 'repo_name' or 'namespace/repo_name': '/kalemna_app/customer_intents/distilbert-base-uncased/checkpoint-1452'. Use `repo_type` argument if needed.
Traceback (most recent call last):

  File "C:\Users\dell\PycharmProjects\JupyterProject\.venv\Lib\site-packages\transformers\utils\hub.py", line 479, in cached_files
    hf_hub_download(
    └ <function hf_hub_download at 0x0000015E87847F60>
  File "C:\Users\dell\PycharmProjects\JupyterProject\.venv\Lib\site-packages\huggingface_hub\utils\_validators.py", line 106, in _inner_fn
    validate_repo_id(arg_value)
    │                └ '/kalemna_app/customer_intents/distilbert-base-uncased/checkpoint-1452'
    └ <function validate_repo_id at 0x0000015E87825C60>
  File "C:\Users\dell\PycharmProjects\JupyterProject\.venv\Lib\site-packages\huggingface_hub\utils\_validators.py", line 154, in validate_repo_id
    raise HFValidationError(
          └ <class 'huggingface_hub.errors.HFValidationError'>

huggingface_hub.errors.HFValidationError: Repo id must be in the form 'repo_name' or 'namespace/repo_name': '/kalemna_app/customer_intents/distilbert-base-uncased/checkpoint-1452'. Use `repo_type` argument if needed.


During handling of the above exception, another exception occurred:


Traceback (most recent call last):

  File "<string>", line 1, in <module>
  File "C:\Users\dell\AppData\Local\Programs\Python\Python313\Lib\multiprocessing\spawn.py", line 122, in spawn_main
    exitcode = _main(fd, parent_sentinel)
               │     │   └ 304
               │     └ 3
               └ <function _main at 0x0000015E81DE1760>
  File "C:\Users\dell\AppData\Local\Programs\Python\Python313\Lib\multiprocessing\spawn.py", line 135, in _main
    return self._bootstrap(parent_sentinel)
           │    │          └ 304
           │    └ <function BaseProcess._bootstrap at 0x0000015E81AEF560>
           └ <SpawnProcess name='SpawnProcess-1' parent=25076 started>
  File "C:\Users\dell\AppData\Local\Programs\Python\Python313\Lib\multiprocessing\process.py", line 313, in _bootstrap
    self.run()
    │    └ <function BaseProcess.run at 0x0000015E81A8D3A0>
    └ <SpawnProcess name='SpawnProcess-1' parent=25076 started>
  File "C:\Users\dell\AppData\Local\Programs\Python\Python313\Lib\multiprocessing\process.py", line 108, in run
    self._target(*self._args, **self._kwargs)
    │    │        │    │        │    └ {'config': <uvicorn.config.Config object at 0x0000015E81AC7230>, 'target': <bound method Server.run of <uvicorn.server.Server...
    │    │        │    │        └ <SpawnProcess name='SpawnProcess-1' parent=25076 started>
    │    │        │    └ ()
    │    │        └ <SpawnProcess name='SpawnProcess-1' parent=25076 started>
    │    └ <function subprocess_started at 0x0000015E85098680>
    └ <SpawnProcess name='SpawnProcess-1' parent=25076 started>
  File "C:\Users\dell\PycharmProjects\JupyterProject\.venv\Lib\site-packages\uvicorn\_subprocess.py", line 80, in subprocess_started
    target(sockets=sockets)
    │              └ [<socket.socket fd=1236, family=2, type=1, proto=6, laddr=('127.0.0.1', 8000)>]
    └ <bound method Server.run of <uvicorn.server.Server object at 0x0000015EDB154830>>
  File "C:\Users\dell\PycharmProjects\JupyterProject\.venv\Lib\site-packages\uvicorn\server.py", line 67, in run
    return asyncio_run(self.serve(sockets=sockets), loop_factory=self.config.get_loop_factory())
           │           │    │             │                      │    │      └ <function Config.get_loop_factory at 0x0000015E8504FBA0>
           │           │    │             │                      │    └ <uvicorn.config.Config object at 0x0000015E81AC7230>
           │           │    │             │                      └ <uvicorn.server.Server object at 0x0000015EDB154830>
           │           │    │             └ [<socket.socket fd=1236, family=2, type=1, proto=6, laddr=('127.0.0.1', 8000)>]
           │           │    └ <function Server.serve at 0x0000015E85083740>
           │           └ <uvicorn.server.Server object at 0x0000015EDB154830>
           └ <function run at 0x0000015E84E0A840>
  File "C:\Users\dell\AppData\Local\Programs\Python\Python313\Lib\asyncio\runners.py", line 195, in run
    return runner.run(main)
           │      │   └ <coroutine object Server.serve at 0x0000015EDB14E960>
           │      └ <function Runner.run at 0x0000015E84EB3F60>
           └ <asyncio.runners.Runner object at 0x0000015EDB154EC0>
  File "C:\Users\dell\AppData\Local\Programs\Python\Python313\Lib\asyncio\runners.py", line 118, in run
    return self._loop.run_until_complete(task)
           │    │     │                  └ <Task pending name='Task-1' coro=<Server.serve() running at C:\Users\dell\PycharmProjects\JupyterProject\.venv\Lib\site-packa...
           │    │     └ <function BaseEventLoop.run_until_complete at 0x0000015E84EB19E0>
           │    └ <_WindowsSelectorEventLoop running=True closed=False debug=False>
           └ <asyncio.runners.Runner object at 0x0000015EDB154EC0>
  File "C:\Users\dell\AppData\Local\Programs\Python\Python313\Lib\asyncio\base_events.py", line 712, in run_until_complete
    self.run_forever()
    │    └ <function BaseEventLoop.run_forever at 0x0000015E84EB1940>
    └ <_WindowsSelectorEventLoop running=True closed=False debug=False>
  File "C:\Users\dell\AppData\Local\Programs\Python\Python313\Lib\asyncio\base_events.py", line 683, in run_forever
    self._run_once()
    │    └ <function BaseEventLoop._run_once at 0x0000015E84EB3740>
    └ <_WindowsSelectorEventLoop running=True closed=False debug=False>
  File "C:\Users\dell\AppData\Local\Programs\Python\Python313\Lib\asyncio\base_events.py", line 2042, in _run_once
    handle._run()
    │      └ <function Handle._run at 0x0000015E84E39120>
    └ <Handle <_asyncio.TaskStepMethWrapper object at 0x0000015EDB123FD0>()>
  File "C:\Users\dell\AppData\Local\Programs\Python\Python313\Lib\asyncio\events.py", line 89, in _run
    self._context.run(self._callback, *self._args)
    │    │            │    │           │    └ <member '_args' of 'Handle' objects>
    │    │            │    │           └ <Handle <_asyncio.TaskStepMethWrapper object at 0x0000015EDB123FD0>()>
    │    │            │    └ <member '_callback' of 'Handle' objects>
    │    │            └ <Handle <_asyncio.TaskStepMethWrapper object at 0x0000015EDB123FD0>()>
    │    └ <member '_context' of 'Handle' objects>
    └ <Handle <_asyncio.TaskStepMethWrapper object at 0x0000015EDB123FD0>()>
  File "C:\Users\dell\PycharmProjects\JupyterProject\.venv\Lib\site-packages\uvicorn\lifespan\on.py", line 86, in main
    await app(scope, self.receive, self.send)
          │   │      │    │        │    └ <function LifespanOn.send at 0x0000015EDB1D8E00>
          │   │      │    │        └ <uvicorn.lifespan.on.LifespanOn object at 0x0000015EDB156900>
          │   │      │    └ <function LifespanOn.receive at 0x0000015EDB1D8EA0>
          │   │      └ <uvicorn.lifespan.on.LifespanOn object at 0x0000015EDB156900>
          │   └ {'type': 'lifespan', 'asgi': {'version': '3.0', 'spec_version': '2.0'}, 'state': {}, 'app': <fastapi.applications.FastAPI obj...
          └ <uvicorn.middleware.proxy_headers.ProxyHeadersMiddleware object at 0x0000015EDB156660>
  File "C:\Users\dell\PycharmProjects\JupyterProject\.venv\Lib\site-packages\uvicorn\middleware\proxy_headers.py", line 29, in __call__
    return await self.app(scope, receive, send)
                 │    │   │      │        └ <bound method LifespanOn.send of <uvicorn.lifespan.on.LifespanOn object at 0x0000015EDB156900>>
                 │    │   │      └ <bound method LifespanOn.receive of <uvicorn.lifespan.on.LifespanOn object at 0x0000015EDB156900>>
                 │    │   └ {'type': 'lifespan', 'asgi': {'version': '3.0', 'spec_version': '2.0'}, 'state': {}, 'app': <fastapi.applications.FastAPI obj...
                 │    └ <fastapi.applications.FastAPI object at 0x0000015EDB0CF390>
                 └ <uvicorn.middleware.proxy_headers.ProxyHeadersMiddleware object at 0x0000015EDB156660>
  File "C:\Users\dell\PycharmProjects\JupyterProject\.venv\Lib\site-packages\fastapi\applications.py", line 1139, in __call__
    await super().__call__(scope, receive, send)
                           │      │        └ <bound method LifespanOn.send of <uvicorn.lifespan.on.LifespanOn object at 0x0000015EDB156900>>
                           │      └ <bound method LifespanOn.receive of <uvicorn.lifespan.on.LifespanOn object at 0x0000015EDB156900>>
                           └ {'type': 'lifespan', 'asgi': {'version': '3.0', 'spec_version': '2.0'}, 'state': {}, 'app': <fastapi.applications.FastAPI obj...
  File "C:\Users\dell\PycharmProjects\JupyterProject\.venv\Lib\site-packages\starlette\applications.py", line 107, in __call__
    await self.middleware_stack(scope, receive, send)
          │    │                │      │        └ <bound method LifespanOn.send of <uvicorn.lifespan.on.LifespanOn object at 0x0000015EDB156900>>
          │    │                │      └ <bound method LifespanOn.receive of <uvicorn.lifespan.on.LifespanOn object at 0x0000015EDB156900>>
          │    │                └ {'type': 'lifespan', 'asgi': {'version': '3.0', 'spec_version': '2.0'}, 'state': {}, 'app': <fastapi.applications.FastAPI obj...
          │    └ <starlette.middleware.errors.ServerErrorMiddleware object at 0x0000015EDB1570E0>
          └ <fastapi.applications.FastAPI object at 0x0000015EDB0CF390>
  File "C:\Users\dell\PycharmProjects\JupyterProject\.venv\Lib\site-packages\starlette\middleware\errors.py", line 151, in __call__
    await self.app(scope, receive, send)
          │    │   │      │        └ <bound method LifespanOn.send of <uvicorn.lifespan.on.LifespanOn object at 0x0000015EDB156900>>
          │    │   │      └ <bound method LifespanOn.receive of <uvicorn.lifespan.on.LifespanOn object at 0x0000015EDB156900>>
          │    │   └ {'type': 'lifespan', 'asgi': {'version': '3.0', 'spec_version': '2.0'}, 'state': {}, 'app': <fastapi.applications.FastAPI obj...
          │    └ <starlette.middleware.cors.CORSMiddleware object at 0x0000015EDB156F90>
          └ <starlette.middleware.errors.ServerErrorMiddleware object at 0x0000015EDB1570E0>
  File "C:\Users\dell\PycharmProjects\JupyterProject\.venv\Lib\site-packages\starlette\middleware\cors.py", line 77, in __call__
    await self.app(scope, receive, send)
          │    │   │      │        └ <bound method LifespanOn.send of <uvicorn.lifespan.on.LifespanOn object at 0x0000015EDB156900>>
          │    │   │      └ <bound method LifespanOn.receive of <uvicorn.lifespan.on.LifespanOn object at 0x0000015EDB156900>>
          │    │   └ {'type': 'lifespan', 'asgi': {'version': '3.0', 'spec_version': '2.0'}, 'state': {}, 'app': <fastapi.applications.FastAPI obj...
          │    └ <starlette.middleware.exceptions.ExceptionMiddleware object at 0x0000015EDB156E40>
          └ <starlette.middleware.cors.CORSMiddleware object at 0x0000015EDB156F90>
  File "C:\Users\dell\PycharmProjects\JupyterProject\.venv\Lib\site-packages\starlette\middleware\exceptions.py", line 49, in __call__
    await self.app(scope, receive, send)
          │    │   │      │        └ <bound method LifespanOn.send of <uvicorn.lifespan.on.LifespanOn object at 0x0000015EDB156900>>
          │    │   │      └ <bound method LifespanOn.receive of <uvicorn.lifespan.on.LifespanOn object at 0x0000015EDB156900>>
          │    │   └ {'type': 'lifespan', 'asgi': {'version': '3.0', 'spec_version': '2.0'}, 'state': {}, 'app': <fastapi.applications.FastAPI obj...
          │    └ <fastapi.middleware.asyncexitstack.AsyncExitStackMiddleware object at 0x0000015EDB156CF0>
          └ <starlette.middleware.exceptions.ExceptionMiddleware object at 0x0000015EDB156E40>
  File "C:\Users\dell\PycharmProjects\JupyterProject\.venv\Lib\site-packages\fastapi\middleware\asyncexitstack.py", line 18, in __call__
    await self.app(scope, receive, send)
          │    │   │      │        └ <bound method LifespanOn.send of <uvicorn.lifespan.on.LifespanOn object at 0x0000015EDB156900>>
          │    │   │      └ <bound method LifespanOn.receive of <uvicorn.lifespan.on.LifespanOn object at 0x0000015EDB156900>>
          │    │   └ {'type': 'lifespan', 'asgi': {'version': '3.0', 'spec_version': '2.0'}, 'state': {}, 'app': <fastapi.applications.FastAPI obj...
          │    └ <fastapi.routing.APIRouter object at 0x0000015EDB1BC8A0>
          └ <fastapi.middleware.asyncexitstack.AsyncExitStackMiddleware object at 0x0000015EDB156CF0>
  File "C:\Users\dell\PycharmProjects\JupyterProject\.venv\Lib\site-packages\starlette\routing.py", line 716, in __call__
    await self.middleware_stack(scope, receive, send)
          │    │                │      │        └ <bound method LifespanOn.send of <uvicorn.lifespan.on.LifespanOn object at 0x0000015EDB156900>>
          │    │                │      └ <bound method LifespanOn.receive of <uvicorn.lifespan.on.LifespanOn object at 0x0000015EDB156900>>
          │    │                └ {'type': 'lifespan', 'asgi': {'version': '3.0', 'spec_version': '2.0'}, 'state': {}, 'app': <fastapi.applications.FastAPI obj...
          │    └ <bound method Router.app of <fastapi.routing.APIRouter object at 0x0000015EDB1BC8A0>>
          └ <fastapi.routing.APIRouter object at 0x0000015EDB1BC8A0>
  File "C:\Users\dell\PycharmProjects\JupyterProject\.venv\Lib\site-packages\starlette\routing.py", line 725, in app
    await self.lifespan(scope, receive, send)
          │    │        │      │        └ <bound method LifespanOn.send of <uvicorn.lifespan.on.LifespanOn object at 0x0000015EDB156900>>
          │    │        │      └ <bound method LifespanOn.receive of <uvicorn.lifespan.on.LifespanOn object at 0x0000015EDB156900>>
          │    │        └ {'type': 'lifespan', 'asgi': {'version': '3.0', 'spec_version': '2.0'}, 'state': {}, 'app': <fastapi.applications.FastAPI obj...
          │    └ <function Router.lifespan at 0x0000015E84D86980>
          └ <fastapi.routing.APIRouter object at 0x0000015EDB1BC8A0>
  File "C:\Users\dell\PycharmProjects\JupyterProject\.venv\Lib\site-packages\starlette\routing.py", line 694, in lifespan
    async with self.lifespan_context(app) as maybe_state:
               │    │                └ <fastapi.applications.FastAPI object at 0x0000015EDB0CF390>
               │    └ <function _merge_lifespan_context.<locals>.merged_lifespan at 0x0000015EDB1D9C60>
               └ <fastapi.routing.APIRouter object at 0x0000015EDB1BC8A0>
  File "C:\Users\dell\AppData\Local\Programs\Python\Python313\Lib\contextlib.py", line 214, in __aenter__
    return await anext(self.gen)
                       │    └ <async_generator object _merge_lifespan_context.<locals>.merged_lifespan at 0x0000015EDB11F340>
                       └ <contextlib._AsyncGeneratorContextManager object at 0x0000015EDB157380>
  File "C:\Users\dell\PycharmProjects\JupyterProject\.venv\Lib\site-packages\fastapi\routing.py", line 206, in merged_lifespan
    async with original_context(app) as maybe_original_state:
               │                └ <fastapi.applications.FastAPI object at 0x0000015EDB0CF390>
               └ <function lifespan_context at 0x0000015EDB1D8FE0>
  File "C:\Users\dell\AppData\Local\Programs\Python\Python313\Lib\contextlib.py", line 214, in __aenter__
    return await anext(self.gen)
                       │    └ <async_generator object lifespan_context at 0x0000015EDB0FEE30>
                       └ <contextlib._AsyncGeneratorContextManager object at 0x0000015EDB1E4190>

> File "C:\Users\dell\PycharmProjects\JupyterProject\src\presentation\api\app.py", line 29, in lifespan_context
    app.state.intent_model = IntentModel(
    │   │                    └ <class 'src.infrastructure.ai_models.intent_model.IntentModel'>
    │   └ <starlette.datastructures.State object at 0x0000015EDB0CF610>
    └ <fastapi.applications.FastAPI object at 0x0000015EDB0CF390>

  File "C:\Users\dell\PycharmProjects\JupyterProject\src\infrastructure\ai_models\intent_model.py", line 11, in __init__
    self.model = AutoModelForSequenceClassification.from_pretrained(model_path).to(self.device)
    │            │                                  │               │              │    └ device(type='cuda')
    │            │                                  │               │              └ <src.infrastructure.ai_models.intent_model.IntentModel object at 0x0000015EDB157E00>
    │            │                                  │               └ '/kalemna_app/customer_intents/distilbert-base-uncased/checkpoint-1452'
    │            │                                  └ <classmethod(<function _BaseAutoModelClass.from_pretrained at 0x0000015ED9731D00>)>
    │            └ <class 'transformers.models.auto.modeling_auto.AutoModelForSequenceClassification'>
    └ <src.infrastructure.ai_models.intent_model.IntentModel object at 0x0000015EDB157E00>

  File "C:\Users\dell\PycharmProjects\JupyterProject\.venv\Lib\site-packages\transformers\models\auto\auto_factory.py", line 508, in from_pretrained
    resolved_config_file = cached_file(
                           └ <function cached_file at 0x0000015EB1A40E00>
  File "C:\Users\dell\PycharmProjects\JupyterProject\.venv\Lib\site-packages\transformers\utils\hub.py", line 322, in cached_file
    file = cached_files(path_or_repo_id=path_or_repo_id, filenames=[filename], **kwargs)
           │                            │                           │            └ {'_raise_exceptions_for_gated_repo': False, '_raise_exceptions_for_missing_entries': False, '_raise_exceptions_for_connection...
           │                            │                           └ 'config.json'
           │                            └ '/kalemna_app/customer_intents/distilbert-base-uncased/checkpoint-1452'
           └ <function cached_files at 0x0000015EB1A40EA0>
  File "C:\Users\dell\PycharmProjects\JupyterProject\.venv\Lib\site-packages\transformers\utils\hub.py", line 532, in cached_files
    _get_cache_file_to_return(path_or_repo_id, filename, cache_dir, revision, repo_type)
    │                         │                │         │          │         └ None
    │                         │                │         │          └ None
    │                         │                │         └ 'C:\\Users\\dell\\.cache\\huggingface\\hub'
    │                         │                └ 'config.json'
    │                         └ '/kalemna_app/customer_intents/distilbert-base-uncased/checkpoint-1452'
    └ <function _get_cache_file_to_return at 0x0000015EB1A409A0>
  File "C:\Users\dell\PycharmProjects\JupyterProject\.venv\Lib\site-packages\transformers\utils\hub.py", line 143, in _get_cache_file_to_return
    resolved_file = try_to_load_from_cache(
                    └ <function try_to_load_from_cache at 0x0000015E87868220>
  File "C:\Users\dell\PycharmProjects\JupyterProject\.venv\Lib\site-packages\huggingface_hub\utils\_validators.py", line 106, in _inner_fn
    validate_repo_id(arg_value)
    │                └ '/kalemna_app/customer_intents/distilbert-base-uncased/checkpoint-1452'
    └ <function validate_repo_id at 0x0000015E87825C60>
  File "C:\Users\dell\PycharmProjects\JupyterProject\.venv\Lib\site-packages\huggingface_hub\utils\_validators.py", line 154, in validate_repo_id
    raise HFValidationError(
          └ <class 'huggingface_hub.errors.HFValidationError'>

huggingface_hub.errors.HFValidationError: Repo id must be in the form 'repo_name' or 'namespace/repo_name': '/kalemna_app/customer_intents/distilbert-base-uncased/checkpoint-1452'. Use `repo_type` argument if needed.
2026-08-01 23:57:24.734 | INFO     | src.presentation.api.app:lifespan_context:27 - DB, AI Models and Graph are starting.....
2026-08-01 23:57:26.057 | ERROR    | src.presentation.api.app:lifespan_context:79 - failed to start application: Repo id must be in the form 'repo_name' or 'namespace/repo_name': '/kalemna_app/customer_intents/distilbert-base-uncased/checkpoint-1452'. Use `repo_type` argument if needed.
Traceback (most recent call last):

  File "C:\Users\dell\PycharmProjects\JupyterProject\.venv\Lib\site-packages\transformers\utils\hub.py", line 479, in cached_files
    hf_hub_download(
    └ <function hf_hub_download at 0x000002526E9F7F60>
  File "C:\Users\dell\PycharmProjects\JupyterProject\.venv\Lib\site-packages\huggingface_hub\utils\_validators.py", line 106, in _inner_fn
    validate_repo_id(arg_value)
    │                └ '/kalemna_app/customer_intents/distilbert-base-uncased/checkpoint-1452'
    └ <function validate_repo_id at 0x000002526E9D5C60>
  File "C:\Users\dell\PycharmProjects\JupyterProject\.venv\Lib\site-packages\huggingface_hub\utils\_validators.py", line 154, in validate_repo_id
    raise HFValidationError(
          └ <class 'huggingface_hub.errors.HFValidationError'>

huggingface_hub.errors.HFValidationError: Repo id must be in the form 'repo_name' or 'namespace/repo_name': '/kalemna_app/customer_intents/distilbert-base-uncased/checkpoint-1452'. Use `repo_type` argument if needed.


During handling of the above exception, another exception occurred:


Traceback (most recent call last):

  File "<string>", line 1, in <module>
  File "C:\Users\dell\AppData\Local\Programs\Python\Python313\Lib\multiprocessing\spawn.py", line 122, in spawn_main
    exitcode = _main(fd, parent_sentinel)
               │     │   └ 292
               │     └ 3
               └ <function _main at 0x0000025268F81760>
  File "C:\Users\dell\AppData\Local\Programs\Python\Python313\Lib\multiprocessing\spawn.py", line 135, in _main
    return self._bootstrap(parent_sentinel)
           │    │          └ 292
           │    └ <function BaseProcess._bootstrap at 0x0000025268C8F560>
           └ <SpawnProcess name='SpawnProcess-1' parent=11348 started>
  File "C:\Users\dell\AppData\Local\Programs\Python\Python313\Lib\multiprocessing\process.py", line 313, in _bootstrap
    self.run()
    │    └ <function BaseProcess.run at 0x0000025268C2D3A0>
    └ <SpawnProcess name='SpawnProcess-1' parent=11348 started>
  File "C:\Users\dell\AppData\Local\Programs\Python\Python313\Lib\multiprocessing\process.py", line 108, in run
    self._target(*self._args, **self._kwargs)
    │    │        │    │        │    └ {'config': <uvicorn.config.Config object at 0x0000025268C67230>, 'target': <bound method Server.run of <uvicorn.server.Server...
    │    │        │    │        └ <SpawnProcess name='SpawnProcess-1' parent=11348 started>
    │    │        │    └ ()
    │    │        └ <SpawnProcess name='SpawnProcess-1' parent=11348 started>
    │    └ <function subprocess_started at 0x000002526C228680>
    └ <SpawnProcess name='SpawnProcess-1' parent=11348 started>
  File "C:\Users\dell\PycharmProjects\JupyterProject\.venv\Lib\site-packages\uvicorn\_subprocess.py", line 80, in subprocess_started
    target(sockets=sockets)
    │              └ [<socket.socket fd=1208, family=2, type=1, proto=6, laddr=('127.0.0.1', 8000)>]
    └ <bound method Server.run of <uvicorn.server.Server object at 0x0000025242308830>>
  File "C:\Users\dell\PycharmProjects\JupyterProject\.venv\Lib\site-packages\uvicorn\server.py", line 67, in run
    return asyncio_run(self.serve(sockets=sockets), loop_factory=self.config.get_loop_factory())
           │           │    │             │                      │    │      └ <function Config.get_loop_factory at 0x000002526C1DFBA0>
           │           │    │             │                      │    └ <uvicorn.config.Config object at 0x0000025268C67230>
           │           │    │             │                      └ <uvicorn.server.Server object at 0x0000025242308830>
           │           │    │             └ [<socket.socket fd=1208, family=2, type=1, proto=6, laddr=('127.0.0.1', 8000)>]
           │           │    └ <function Server.serve at 0x000002526C213740>
           │           └ <uvicorn.server.Server object at 0x0000025242308830>
           └ <function run at 0x000002526BF9A840>
  File "C:\Users\dell\AppData\Local\Programs\Python\Python313\Lib\asyncio\runners.py", line 195, in run
    return runner.run(main)
           │      │   └ <coroutine object Server.serve at 0x00000252422FE960>
           │      └ <function Runner.run at 0x000002526C043F60>
           └ <asyncio.runners.Runner object at 0x0000025242308EC0>
  File "C:\Users\dell\AppData\Local\Programs\Python\Python313\Lib\asyncio\runners.py", line 118, in run
    return self._loop.run_until_complete(task)
           │    │     │                  └ <Task pending name='Task-1' coro=<Server.serve() running at C:\Users\dell\PycharmProjects\JupyterProject\.venv\Lib\site-packa...
           │    │     └ <function BaseEventLoop.run_until_complete at 0x000002526C0419E0>
           │    └ <_WindowsSelectorEventLoop running=True closed=False debug=False>
           └ <asyncio.runners.Runner object at 0x0000025242308EC0>
  File "C:\Users\dell\AppData\Local\Programs\Python\Python313\Lib\asyncio\base_events.py", line 712, in run_until_complete
    self.run_forever()
    │    └ <function BaseEventLoop.run_forever at 0x000002526C041940>
    └ <_WindowsSelectorEventLoop running=True closed=False debug=False>
  File "C:\Users\dell\AppData\Local\Programs\Python\Python313\Lib\asyncio\base_events.py", line 683, in run_forever
    self._run_once()
    │    └ <function BaseEventLoop._run_once at 0x000002526C043740>
    └ <_WindowsSelectorEventLoop running=True closed=False debug=False>
  File "C:\Users\dell\AppData\Local\Programs\Python\Python313\Lib\asyncio\base_events.py", line 2042, in _run_once
    handle._run()
    │      └ <function Handle._run at 0x000002526BFC9120>
    └ <Handle <_asyncio.TaskStepMethWrapper object at 0x00000252422CFEB0>()>
  File "C:\Users\dell\AppData\Local\Programs\Python\Python313\Lib\asyncio\events.py", line 89, in _run
    self._context.run(self._callback, *self._args)
    │    │            │    │           │    └ <member '_args' of 'Handle' objects>
    │    │            │    │           └ <Handle <_asyncio.TaskStepMethWrapper object at 0x00000252422CFEB0>()>
    │    │            │    └ <member '_callback' of 'Handle' objects>
    │    │            └ <Handle <_asyncio.TaskStepMethWrapper object at 0x00000252422CFEB0>()>
    │    └ <member '_context' of 'Handle' objects>
    └ <Handle <_asyncio.TaskStepMethWrapper object at 0x00000252422CFEB0>()>
  File "C:\Users\dell\PycharmProjects\JupyterProject\.venv\Lib\site-packages\uvicorn\lifespan\on.py", line 86, in main
    await app(scope, self.receive, self.send)
          │   │      │    │        │    └ <function LifespanOn.send at 0x0000025242388E00>
          │   │      │    │        └ <uvicorn.lifespan.on.LifespanOn object at 0x000002524230A900>
          │   │      │    └ <function LifespanOn.receive at 0x0000025242388EA0>
          │   │      └ <uvicorn.lifespan.on.LifespanOn object at 0x000002524230A900>
          │   └ {'type': 'lifespan', 'asgi': {'version': '3.0', 'spec_version': '2.0'}, 'state': {}, 'app': <fastapi.applications.FastAPI obj...
          └ <uvicorn.middleware.proxy_headers.ProxyHeadersMiddleware object at 0x000002524230A660>
  File "C:\Users\dell\PycharmProjects\JupyterProject\.venv\Lib\site-packages\uvicorn\middleware\proxy_headers.py", line 29, in __call__
    return await self.app(scope, receive, send)
                 │    │   │      │        └ <bound method LifespanOn.send of <uvicorn.lifespan.on.LifespanOn object at 0x000002524230A900>>
                 │    │   │      └ <bound method LifespanOn.receive of <uvicorn.lifespan.on.LifespanOn object at 0x000002524230A900>>
                 │    │   └ {'type': 'lifespan', 'asgi': {'version': '3.0', 'spec_version': '2.0'}, 'state': {}, 'app': <fastapi.applications.FastAPI obj...
                 │    └ <fastapi.applications.FastAPI object at 0x000002524227F390>
                 └ <uvicorn.middleware.proxy_headers.ProxyHeadersMiddleware object at 0x000002524230A660>
  File "C:\Users\dell\PycharmProjects\JupyterProject\.venv\Lib\site-packages\fastapi\applications.py", line 1139, in __call__
    await super().__call__(scope, receive, send)
                           │      │        └ <bound method LifespanOn.send of <uvicorn.lifespan.on.LifespanOn object at 0x000002524230A900>>
                           │      └ <bound method LifespanOn.receive of <uvicorn.lifespan.on.LifespanOn object at 0x000002524230A900>>
                           └ {'type': 'lifespan', 'asgi': {'version': '3.0', 'spec_version': '2.0'}, 'state': {}, 'app': <fastapi.applications.FastAPI obj...
  File "C:\Users\dell\PycharmProjects\JupyterProject\.venv\Lib\site-packages\starlette\applications.py", line 107, in __call__
    await self.middleware_stack(scope, receive, send)
          │    │                │      │        └ <bound method LifespanOn.send of <uvicorn.lifespan.on.LifespanOn object at 0x000002524230A900>>
          │    │                │      └ <bound method LifespanOn.receive of <uvicorn.lifespan.on.LifespanOn object at 0x000002524230A900>>
          │    │                └ {'type': 'lifespan', 'asgi': {'version': '3.0', 'spec_version': '2.0'}, 'state': {}, 'app': <fastapi.applications.FastAPI obj...
          │    └ <starlette.middleware.errors.ServerErrorMiddleware object at 0x000002524230B0E0>
          └ <fastapi.applications.FastAPI object at 0x000002524227F390>
  File "C:\Users\dell\PycharmProjects\JupyterProject\.venv\Lib\site-packages\starlette\middleware\errors.py", line 151, in __call__
    await self.app(scope, receive, send)
          │    │   │      │        └ <bound method LifespanOn.send of <uvicorn.lifespan.on.LifespanOn object at 0x000002524230A900>>
          │    │   │      └ <bound method LifespanOn.receive of <uvicorn.lifespan.on.LifespanOn object at 0x000002524230A900>>
          │    │   └ {'type': 'lifespan', 'asgi': {'version': '3.0', 'spec_version': '2.0'}, 'state': {}, 'app': <fastapi.applications.FastAPI obj...
          │    └ <starlette.middleware.cors.CORSMiddleware object at 0x000002524230AF90>
          └ <starlette.middleware.errors.ServerErrorMiddleware object at 0x000002524230B0E0>
  File "C:\Users\dell\PycharmProjects\JupyterProject\.venv\Lib\site-packages\starlette\middleware\cors.py", line 77, in __call__
    await self.app(scope, receive, send)
          │    │   │      │        └ <bound method LifespanOn.send of <uvicorn.lifespan.on.LifespanOn object at 0x000002524230A900>>
          │    │   │      └ <bound method LifespanOn.receive of <uvicorn.lifespan.on.LifespanOn object at 0x000002524230A900>>
          │    │   └ {'type': 'lifespan', 'asgi': {'version': '3.0', 'spec_version': '2.0'}, 'state': {}, 'app': <fastapi.applications.FastAPI obj...
          │    └ <starlette.middleware.exceptions.ExceptionMiddleware object at 0x000002524230AE40>
          └ <starlette.middleware.cors.CORSMiddleware object at 0x000002524230AF90>
  File "C:\Users\dell\PycharmProjects\JupyterProject\.venv\Lib\site-packages\starlette\middleware\exceptions.py", line 49, in __call__
    await self.app(scope, receive, send)
          │    │   │      │        └ <bound method LifespanOn.send of <uvicorn.lifespan.on.LifespanOn object at 0x000002524230A900>>
          │    │   │      └ <bound method LifespanOn.receive of <uvicorn.lifespan.on.LifespanOn object at 0x000002524230A900>>
          │    │   └ {'type': 'lifespan', 'asgi': {'version': '3.0', 'spec_version': '2.0'}, 'state': {}, 'app': <fastapi.applications.FastAPI obj...
          │    └ <fastapi.middleware.asyncexitstack.AsyncExitStackMiddleware object at 0x000002524230ACF0>
          └ <starlette.middleware.exceptions.ExceptionMiddleware object at 0x000002524230AE40>
  File "C:\Users\dell\PycharmProjects\JupyterProject\.venv\Lib\site-packages\fastapi\middleware\asyncexitstack.py", line 18, in __call__
    await self.app(scope, receive, send)
          │    │   │      │        └ <bound method LifespanOn.send of <uvicorn.lifespan.on.LifespanOn object at 0x000002524230A900>>
          │    │   │      └ <bound method LifespanOn.receive of <uvicorn.lifespan.on.LifespanOn object at 0x000002524230A900>>
          │    │   └ {'type': 'lifespan', 'asgi': {'version': '3.0', 'spec_version': '2.0'}, 'state': {}, 'app': <fastapi.applications.FastAPI obj...
          │    └ <fastapi.routing.APIRouter object at 0x000002524236C8A0>
          └ <fastapi.middleware.asyncexitstack.AsyncExitStackMiddleware object at 0x000002524230ACF0>
  File "C:\Users\dell\PycharmProjects\JupyterProject\.venv\Lib\site-packages\starlette\routing.py", line 716, in __call__
    await self.middleware_stack(scope, receive, send)
          │    │                │      │        └ <bound method LifespanOn.send of <uvicorn.lifespan.on.LifespanOn object at 0x000002524230A900>>
          │    │                │      └ <bound method LifespanOn.receive of <uvicorn.lifespan.on.LifespanOn object at 0x000002524230A900>>
          │    │                └ {'type': 'lifespan', 'asgi': {'version': '3.0', 'spec_version': '2.0'}, 'state': {}, 'app': <fastapi.applications.FastAPI obj...
          │    └ <bound method Router.app of <fastapi.routing.APIRouter object at 0x000002524236C8A0>>
          └ <fastapi.routing.APIRouter object at 0x000002524236C8A0>
  File "C:\Users\dell\PycharmProjects\JupyterProject\.venv\Lib\site-packages\starlette\routing.py", line 725, in app
    await self.lifespan(scope, receive, send)
          │    │        │      │        └ <bound method LifespanOn.send of <uvicorn.lifespan.on.LifespanOn object at 0x000002524230A900>>
          │    │        │      └ <bound method LifespanOn.receive of <uvicorn.lifespan.on.LifespanOn object at 0x000002524230A900>>
          │    │        └ {'type': 'lifespan', 'asgi': {'version': '3.0', 'spec_version': '2.0'}, 'state': {}, 'app': <fastapi.applications.FastAPI obj...
          │    └ <function Router.lifespan at 0x000002526BF16980>
          └ <fastapi.routing.APIRouter object at 0x000002524236C8A0>
  File "C:\Users\dell\PycharmProjects\JupyterProject\.venv\Lib\site-packages\starlette\routing.py", line 694, in lifespan
    async with self.lifespan_context(app) as maybe_state:
               │    │                └ <fastapi.applications.FastAPI object at 0x000002524227F390>
               │    └ <function _merge_lifespan_context.<locals>.merged_lifespan at 0x0000025242389C60>
               └ <fastapi.routing.APIRouter object at 0x000002524236C8A0>
  File "C:\Users\dell\AppData\Local\Programs\Python\Python313\Lib\contextlib.py", line 214, in __aenter__
    return await anext(self.gen)
                       │    └ <async_generator object _merge_lifespan_context.<locals>.merged_lifespan at 0x00000252422D3340>
                       └ <contextlib._AsyncGeneratorContextManager object at 0x000002524230B380>
  File "C:\Users\dell\PycharmProjects\JupyterProject\.venv\Lib\site-packages\fastapi\routing.py", line 206, in merged_lifespan
    async with original_context(app) as maybe_original_state:
               │                └ <fastapi.applications.FastAPI object at 0x000002524227F390>
               └ <function lifespan_context at 0x0000025242388FE0>
  File "C:\Users\dell\AppData\Local\Programs\Python\Python313\Lib\contextlib.py", line 214, in __aenter__
    return await anext(self.gen)
                       │    └ <async_generator object lifespan_context at 0x00000252422AEE30>
                       └ <contextlib._AsyncGeneratorContextManager object at 0x0000025242394190>

> File "C:\Users\dell\PycharmProjects\JupyterProject\src\presentation\api\app.py", line 29, in lifespan_context
    app.state.intent_model = IntentModel(
    │   │                    └ <class 'src.infrastructure.ai_models.intent_model.IntentModel'>
    │   └ <starlette.datastructures.State object at 0x000002524227F610>
    └ <fastapi.applications.FastAPI object at 0x000002524227F390>

  File "C:\Users\dell\PycharmProjects\JupyterProject\src\infrastructure\ai_models\intent_model.py", line 11, in __init__
    self.model = AutoModelForSequenceClassification.from_pretrained(model_path).to(self.device)
    │            │                                  │               │              │    └ device(type='cuda')
    │            │                                  │               │              └ <src.infrastructure.ai_models.intent_model.IntentModel object at 0x000002524230BE00>
    │            │                                  │               └ '/kalemna_app/customer_intents/distilbert-base-uncased/checkpoint-1452'
    │            │                                  └ <classmethod(<function _BaseAutoModelClass.from_pretrained at 0x00000252408E1D00>)>
    │            └ <class 'transformers.models.auto.modeling_auto.AutoModelForSequenceClassification'>
    └ <src.infrastructure.ai_models.intent_model.IntentModel object at 0x000002524230BE00>

  File "C:\Users\dell\PycharmProjects\JupyterProject\.venv\Lib\site-packages\transformers\models\auto\auto_factory.py", line 508, in from_pretrained
    resolved_config_file = cached_file(
                           └ <function cached_file at 0x0000025218BE0E00>
  File "C:\Users\dell\PycharmProjects\JupyterProject\.venv\Lib\site-packages\transformers\utils\hub.py", line 322, in cached_file
    file = cached_files(path_or_repo_id=path_or_repo_id, filenames=[filename], **kwargs)
           │                            │                           │            └ {'_raise_exceptions_for_gated_repo': False, '_raise_exceptions_for_missing_entries': False, '_raise_exceptions_for_connection...
           │                            │                           └ 'config.json'
           │                            └ '/kalemna_app/customer_intents/distilbert-base-uncased/checkpoint-1452'
           └ <function cached_files at 0x0000025218BE0EA0>
  File "C:\Users\dell\PycharmProjects\JupyterProject\.venv\Lib\site-packages\transformers\utils\hub.py", line 532, in cached_files
    _get_cache_file_to_return(path_or_repo_id, filename, cache_dir, revision, repo_type)
    │                         │                │         │          │         └ None
    │                         │                │         │          └ None
    │                         │                │         └ 'C:\\Users\\dell\\.cache\\huggingface\\hub'
    │                         │                └ 'config.json'
    │                         └ '/kalemna_app/customer_intents/distilbert-base-uncased/checkpoint-1452'
    └ <function _get_cache_file_to_return at 0x0000025218BE09A0>
  File "C:\Users\dell\PycharmProjects\JupyterProject\.venv\Lib\site-packages\transformers\utils\hub.py", line 143, in _get_cache_file_to_return
    resolved_file = try_to_load_from_cache(
                    └ <function try_to_load_from_cache at 0x000002526EA18220>
  File "C:\Users\dell\PycharmProjects\JupyterProject\.venv\Lib\site-packages\huggingface_hub\utils\_validators.py", line 106, in _inner_fn
    validate_repo_id(arg_value)
    │                └ '/kalemna_app/customer_intents/distilbert-base-uncased/checkpoint-1452'
    └ <function validate_repo_id at 0x000002526E9D5C60>
  File "C:\Users\dell\PycharmProjects\JupyterProject\.venv\Lib\site-packages\huggingface_hub\utils\_validators.py", line 154, in validate_repo_id
    raise HFValidationError(
          └ <class 'huggingface_hub.errors.HFValidationError'>

huggingface_hub.errors.HFValidationError: Repo id must be in the form 'repo_name' or 'namespace/repo_name': '/kalemna_app/customer_intents/distilbert-base-uncased/checkpoint-1452'. Use `repo_type` argument if needed.
